{"level":"debug","resources":{"deployment.environment":"sit","service.version":"v1.8.0-rc.9","k8s.pod.uid":"cb8b3dee-d942-4f72-bdb4-3a44dacb2586","service.namespace":"anzx","service.name":"fabric.bsb","service.instance.id":"3b293cb9-84e6-4d17-b1b5-38789f1ea97b","git.hash":"0fb6aae"},"span_id":"093293f2b963421e","trace_id":"5a7c972eaaf94742db1f179394cdbfea","code.url":"/pkg/middleware/logging.go#L19","fabric.lib":"log","attributes":{"response":{"bsb_details":{"012013":{"valid":true,"bank_code":"ANZ","logo":{"light_url":"https://images.lookwhoscharging.com/a712f7fb-ea7e-40f8-9d73-1c113b3da925/anz.c.png","dark_url":"https://images.lookwhoscharging.com/a712f7fb-ea7e-40f8-9d73-1c113b3da925/anz.c.dm.png","description":"ANZ Bank"}},"014111":{"valid":true,"bank_code":"ANZ","logo":{"light_url":"https://images.lookwhoscharging.com/4d02fd52-ce86-47ed-aaf6-076527d05f13/anzplus.c.png","dark_url":"https://images.lookwhoscharging.com/4d02fd52-ce86-47ed-aaf6-076527d05f13/anzplus.dm.c.png","description":"ANZ Plus"}},"085005":{"valid":true,"bank_code":"NAB","logo":{"light_url":"https://images.lookwhoscharging.com/dd350a58-dbe0-4feb-aac9-58c32c60d6e8/National-Australia-Bank--Pirie-Street-cirl-image.png","dark_url":"https://images.lookwhoscharging.com/dd350a58-dbe0-4feb-aac9-58c32c60d6e8/National-Australia-Bank--Pirie-Street-dmci-image.png","description":"National Australia Bank"}}}}},"timestamp":"2022-01-31T13:24:47+11:00","body":"rpc response"}